<html>
<body>
<pre>
<h1>礦ision Build Log</h1>
<h2>Tool Versions:</h2>
IDE-Version: μVision V5.35.0.0
Copyright (C) 2021 ARM Ltd and ARM Germany GmbH. All rights reserved.
License Information: 1 ASUS, 1, LIC=EXJT4-FIJ8N-HL8CL-00Q98-Y2SWP-8JLZV
 
Tool Versions:
Toolchain:       MDK-ARM Plus  Version: 5.35.0.2
Toolchain Path:  C:\Keil_v5\ARM\ARMCC\Bin
C Compiler:      Armcc.exe V5.06 update 7 (build 960)
Assembler:       Armasm.exe V5.06 update 7 (build 960)
Linker/Locator:  ArmLink.exe V5.06 update 7 (build 960)
Library Manager: ArmAr.exe V5.06 update 7 (build 960)
Hex Converter:   FromElf.exe V5.06 update 7 (build 960)
CPU DLL:         SARMCM3.DLL V5.35.0.2
Dialog DLL:      DCM.DLL V1.17.3.0
Target DLL:      STLink\ST-LINKIII-KEIL_SWO.dll V3.0.9.0
Dialog DLL:      TCM.DLL V1.53.0.0
 
<h2>Project:</h2>
C:\工作日志\try_freertos\Project\RVMDK（uv5）\Fire_FreeRTOS.uvprojx
Project File Date:  03/31/2025

<h2>Output:</h2>
*** Using Compiler 'V5.06 update 7 (build 960)', folder: 'C:\Keil_v5\ARM\ARMCC\Bin'
Rebuild target 'Fire_FreeRTOS'
assembling startup_stm32f429_439xx.s...
compiling stm32f4xx_adc.c...
compiling misc.c...
compiling stm32f4xx_dbgmcu.c...
compiling stm32f4xx_crc.c...
compiling stm32f4xx_cryp_aes.c...
compiling stm32f4xx_cryp_des.c...
compiling stm32f4xx_cec.c...
compiling stm32f4xx_cryp_tdes.c...
compiling stm32f4xx_dcmi.c...
compiling system_stm32f4xx.c...
compiling stm32f4xx_dac.c...
compiling stm32f4xx_cryp.c...
compiling stm32f4xx_can.c...
compiling stm32f4xx_dma.c...
compiling stm32f4xx_dma2d.c...
compiling stm32f4xx_exti.c...
compiling stm32f4xx_flash_ramfunc.c...
compiling stm32f4xx_flash.c...
compiling stm32f4xx_fmpi2c.c...
compiling stm32f4xx_gpio.c...
compiling stm32f4xx_hash.c...
compiling stm32f4xx_fmc.c...
compiling stm32f4xx_hash_md5.c...
compiling stm32f4xx_hash_sha1.c...
compiling stm32f4xx_iwdg.c...
compiling stm32f4xx_i2c.c...
compiling stm32f4xx_ltdc.c...
compiling stm32f4xx_qspi.c...
compiling stm32f4xx_pwr.c...
compiling stm32f4xx_rng.c...
compiling stm32f4xx_rcc.c...
compiling stm32f4xx_sai.c...
compiling stm32f4xx_spdifrx.c...
compiling stm32f4xx_sdio.c...
compiling stm32f4xx_rtc.c...
compiling stm32f4xx_syscfg.c...
compiling stm32f4xx_spi.c...
compiling stm32f4xx_wwdg.c...
compiling stm32f4xx_usart.c...
compiling stm32f4xx_tim.c...
compiling bsp_led.c...
compiling bsp_key.c...
compiling bsp_usart.c...
compiling bsp_i2c.c...
compiling bsp_i2c_ee_hard.c...
compiling bsp_adc_temp.c...
compiling bsp_spi_flash.c...
compiling bsp_rtc_tim.c...
compiling bsp_pwr_stop.c...
compiling stm32f4xx_it.c...
compiling bsp_lcd.c...
compiling bsp_touch_lcd.c...
compiling bsp_touch_spi.c...
compiling main.c...
compiling bsp_rtc.c...
compiling bsp_touch_myiic.c...
compiling bsp_touch.c...
compiling GUIConf.c...
compiling bsp_touch_at24cxx.c...
compiling croutine.c...
compiling list.c...
compiling event_groups.c...
compiling queue.c...
compiling bsp_sdio_sd.c...
compiling heap_4.c...
compiling timers.c...
compiling port.c...
compiling tasks.c...
compiling GUITP.c...
compiling GUI_X_FreeRTOS.c...
compiling GUIDRV_wf.c...
compiling bsp_keyboard.c...
compiling Dispositon_ChildDLG.c...
compiling Win_DispositionDLG.c...
compiling Connect_WinDLG.c...
compiling Win_System_SetDLG.c...
compiling Win_MenuDLG.c...
compiling Win_Manage_SelectDLG.c...
compiling Menu_Child_WindowDLG.c...
compiling Win_MonitorDLG.c...
compiling Win_LoginDLG.c...
compiling Log_TimeSel_WinDLG.c...
compiling Analyse_Icon.c...
compiling Link_Icon.c...
compiling Menu_Icon.c...
compiling syscall.c...
compiling Canlender_WindowDLG.c...
compiling Return_Icon.c...
compiling System_Calender_Icon.c...
compiling Log_WinDLG.c...
compiling System_Calibrate_Icon.c...
compiling diskio.c...
compiling System_Repositon_Icon.c...
compiling Desprition_Icon.c...
compiling Menu_Info_Icon.c...
compiling Monitor_Icon.c...
compiling FatFs_test.c...
compiling Quit_Icon.c...
compiling cc936.c...
compiling Calibrate_WindowDLG.c...
compiling Setting_Icon.c...
compiling Statistics_Icon.c...
compiling User_Icon.c...
compiling ff.c...
compiling Warning_Icon.c...
compiling Add_Icon.c...
compiling System_Setting_Icon.c...
compiling User_Setting_Icon.c...
compiling Working_Time_Icon.c...
compiling Logo_Icon.c...
compiling Log_Setting_Icon.c...
compiling code.c...
compiling Close_Icon.c...
compiling num.c...
compiling Logo_mini_Icon.c...
compiling Connect_Icon.c...
compiling bsp_tool.c...
compiling Deg_Max_Icon.c...
compiling Deg_Min_Icon.c...
compiling Deg_Target_Icon.c...
compiling Del_Icon.c...
compiling Nm_Max_Icon.c...
compiling Nm_Min_Icon.c...
compiling Nm_Target_Icon.c...
compiling Task_Next_Icon.c...
compiling Task_Prev_Icon.c...
compiling Save_Icon.c...
compiling Search_Icon.c...
compiling Calender_Icon.c...
linking...
Program Size: Code=189280 RO-data=584284 RW-data=2248 ZI-data=223020  
FromELF: creating hex file...
"..\..\Output\Fire_FreeRTOS.axf" - 0 Error(s), 0 Warning(s).

<h2>Software Packages used:</h2>

Package Vendor: Keil
                http://www.keil.com/pack/Keil.STM32F4xx_DFP.2.13.0.pack
                Keil.STM32F4xx_DFP.2.13.0
                STMicroelectronics STM32F4 Series Device Support, Drivers and Examples

<h2>Collection of Component include folders:</h2>
  C:\Users\ASUS\AppData\Local\Arm\Packs\Keil\STM32F4xx_DFP\2.13.0\Drivers\CMSIS\Device\ST\STM32F4xx\Include

<h2>Collection of Component Files used:</h2>
Build Time Elapsed:  00:00:06
</pre>
</body>
</html>
